
> react-example@0.0.0 test
> vitest --run


[1m[30m[46m RUN [49m[39m[22m [36mv4.1.4 [39m[90mC:/Users/HP/Documents/RIA/projects/GitHub-Profile-Analyzer/frontend[39m

 [31mΓ¥»[39m src/Login.test.tsx [2m([22m[2m3 tests[22m[2m | [22m[31m2 failed[39m[2m)[22m[33m 1674[2mms[22m[39m
     [32mΓ£ô[39m renders correctly[32m 142[2mms[22m[39m
[31m     [31m├ù[31m allows switching between Developer and Recruiter roles[39m[33m 446[2mms[22m[39m
[31m     [31m├ù[31m hashes the password using SHA-256 on submission[39m[33m 1081[2mms[22m[39m
node.exe : 
At line:1 char:1
+ & "C:\Program Files\nodejs/node.exe" "C:\Program Files\nodejs/node_mo ...
+ ~~~~~~~~~~~~~~~~~~~~~~~~~~~~~~~~~~~~~~~~~~~~~~~~~~~~~~~~~~~~~~~~~~~~~
    + CategoryInfo          : NotSpecified: (:String) [], RemoteException
    + FullyQualifiedErrorId : NativeCommandError
 
[31mΓÄ»ΓÄ»ΓÄ»ΓÄ»ΓÄ»ΓÄ»ΓÄ»[39m[1m[41m Failed Tests 2 [49m[22m[31mΓÄ»ΓÄ»ΓÄ»ΓÄ»ΓÄ»ΓÄ»ΓÄ»[39m

[41m[1m FAIL [22m[49m src/Login.test.tsx[2m > [22mLogin Component[2m > [22mallows switching between Developer 
and Recruiter roles
[31m[1mTestingLibraryElementError[22m[39m: Unable to find an element with the text: /Connecting recruiter to the 
GitHub matrix/i. This could be because the text is broken up by multiple elements. In this case, you can provide a 
function for your text matcher to make your matcher more flexible.

Ignored nodes: comments, script, style
[36m<body>[39m
  [36m<div>[39m
    [36m<div[39m
      [33mclass[39m=[32m"relative h-screen w-full flex items-center justify-center overflow-hidden 
bg-background"[39m
    [36m>[39m
      [36m<div[39m
        [33mdata-testid[39m=[32m"background"[39m
      [36m/>[39m
      [36m<div[39m
        [33mclass[39m=[32m"absolute top-1/2 left-1/2 -translate-x-1/2 -translate-y-1/2 opacity-[0.03] blur-[100px] 
pointer-events-none scale-[3]"[39m
      [36m>[39m
        [36m<div[39m
          [33mdata-testid[39m=[32m"mascot"[39m
        [36m/>[39m
      [36m</div>[39m
      [36m<main[39m
        [33mclass[39m=[32m"relative z-10 w-full max-w-5xl px-6 flex flex-col lg:flex-row items-center 
justify-center gap-12 lg:gap-24"[39m
      [36m>[39m
        [36m<div[39m
          [33mclass[39m=[32m"relative order-2 lg:order-1"[39m
        [36m>[39m
          [36m<div>[39m
            [36m<div[39m
              [33mdata-testid[39m=[32m"mascot"[39m
            [36m/>[39m
          [36m</div>[39m
          [36m<div[39m
            [33mclass[39m=[32m"absolute -bottom-4 left-1/2 -translate-x-1/2 w-32 h-4 bg-black/20 blur-xl 
rounded-full"[39m
          [36m/>[39m
        [36m</div>[39m
        [36m<div[39m
          [33mclass[39m=[32m"w-full max-w-md order-1 lg:order-2"[39m
        [36m>[39m
          [36m<div[39m
            [33mclass[39m=[32m"text-center lg:text-left mb-8"[39m
          [36m>[39m
            [36m<h1[39m
              [33mclass[39m=[32m"font-headline text-4xl lg:text-5xl font-bold tracking-tight bg-gradient-to-r 
from-primary-container to-secondary-container bg-clip-text text-transparent"[39m
            [36m>[39m
              [0mGitScore AI[0m
            [36m</h1>[39m
          [36m</div>[39m
          [36m<div[39m
            [33mclass[39m=[32m"glass-panel w-full rounded-[2.5rem] p-8 shadow-2xl relative overflow-hidden border 
border-white/10 cyan-glow-shadow"[39m
            [33mstyle[39m=[32m"perspective: 1000px; opacity: 0; transform: translateX(20px);"[39m
          [36m>[39m
            [36m<div[39m
              [33mclass[39m=[32m"flex p-1 bg-surface-container-low rounded-full mb-8 border 
border-outline-variant/10"[39m
            [36m>[39m
              [36m<button[39m
                [33mclass[39m=[32m"flex-1 py-2 px-4 rounded-full text-[10px] font-bold tracking-wider uppercase 
transition-all duration-300 text-on-surface-variant hover:text-on-surface"[39m
                [33mtype[39m=[32m"button"[39m
              [36m>[39m
                [0mDeveloper[0m
              [36m</button>[39m
              [36m<button[39m
                [33mclass[39m=[32m"flex-1 py-2 px-4 rounded-full text-[10px] font-bold tracking-wider uppercase 
transition-all duration-300 bg-surface-container-high text-primary-fixed-dim shadow-sm"[39m
                [33mtype[39m=[32m"button"[39m
              [36m>[39m
                [0mRecruiter[0m
              [36m</button>[39m
            [36m</div>[39m
            [36m<form[39m
              [33mclass[39m=[32m"space-y-6"[39m
            [36m>[39m
              [36m<div[39m
                [33mclass[39m=[32m"group relative"[39m
              [36m>[39m
                [36m<label[39m
                  [33mclass[39m=[32m"block text-[10px] font-bold uppercase tracking-widest text-on-surface-variant 
mb-1 ml-1"[39m
                [36m>[39m
                  [0mIdentity[0m
                [36m</label>[39m
                [36m<div[39m
                  [33mclass[39m=[32m"relative transition-all duration-300 rounded-xl px-4 py-1 border 
border-outline-variant/20 bg-transparent"[39m
                [36m>[39m
                  [36m<svg[39m
                    [33maria-hidden[39m=[32m"true"[39m
                    [33mclass[39m=[32m"lucide lucide-mail absolute left-3 top-1/2 -translate-y-1/2 w-4 h-4 
transition-colors text-outline-variant"[39m
                    [33mfill[39m=[32m"none"[39m
                    [33mheight[39m=[32m"24"[39m
                    [33mstroke[39m=[32m"currentColor"[39m
                    [33mstroke-linecap[39m=[32m"round"[39m
                    [33mstroke-linejoin[39m=[32m"round"[39m
                    [33mstroke-width[39m=[32m"2"[39m
                    [33mviewBox[39m=[32m"0 0 24 24"[39m
                    [33mwidth[39m=[32m"24"[39m
                    [33mxmlns[39m=[32m"http://www.w3.org/2000/svg"[39m
                  [36m>[39m
                    [36m<path[39m
                      [33md[39m=[32m"m22 7-8.991 5.727a2 2 0 0 1-2.009 0L2 7"[39m
                    [36m/>[39m
                    [36m<rect[39m
                      [33mheight[39m=[32m"16"[39m
                      [33mrx[39m=[32m"2"[39m
                      [33mwidth[39m=[32m"20"[39m
                      [33mx[39m=[32m"2"[39m
                      [33my[39m=[32m"4"[39m
                    [36m/>[39m
                  [36m</svg>[39m
                  [36m<input[39m
                    [33mclass[39m=[32m"w-full bg-transparent border-none py-3 pl-8 text-on-surface 
placeholder:text-outline/40 focus:outline-none focus:ring-0 transition-all font-body text-sm"[39m
                    [33mplaceholder[39m=[32m"GitHub Username"[39m
                    [33mrequired[39m=[32m""[39m
                    [33mtype[39m=[32m"text"[39m
                    [33mvalue[39m=[32m"testuser"[39m
                  [36m/>[39m
                [36m</div>[39m
              [36m</div>[39m
              [36m<div[39m
                [33mclass[39m=[32m"group relative"[39m
              [36m>[39m
                [36m<label[39m
                  [33mclass[39m=[32m"block text-[10px] font-bold uppercase tracking-widest text-on-surface-variant 
mb-1 ml-1"[39m
                [36m>[39m
                  [0mAccess Key[0m
                [36m</label>[39m
                [36m<div[39m
                  [33mclass[39m=[32m"relative transition-all duration-300 rounded-xl px-4 py-1 border 
border-outline-variant/20 bg-transparent"[39m
                [36m>[39m
                  [36m<svg[39m
                    [33maria-hidden[39m=[32m"true"[39m
                    [33mclass[39m=[32m"lucide lucide-lock absolute left-3 top-1/2 -translate-y-1/2 w-4 h-4 
transition-colors text-outline-variant"[39m
                    [33mfill[39m=[32m"none"[39m
                    [33mheight[39m=[32m"24"[39m
                    [33mstroke[39m=[32m"currentColor"[39m
                    [33mstroke-linecap[39m=[32m"round"[39m
                    [33mstroke-linejoin[39m=[32m"round"[39m
                    [33mstroke-width[39m=[32m"2"[39m
                    [33mviewBox[39m=[32m"0 0 24 24"[39m
                    [33mwidth[39m=[32m"24"[39m
                    [33mxmlns[39m=[32m"http://www.w3.org/2000/svg"[39m
                  [36m>[39m
                    [36m<rect[39m
                      [33mheight[39m=[32m"11"[39m
                      [33mrx[39m=[32m"2"[39m
                      [33mry[39m=[32m"2"[39m
                      [33mwidth[39m=[32m"18"[39m
                      [33mx[39m=[32m"3"[39m
                      [33my[39m=[32m"11"[39m
                    [36m/>[39m
                    [36m<path[39m
                      [33md[39m=[32m"M7 11V7a5 5 0 0 1 10 0v4"[39m
                    [36m/>[39m
                  [36m</svg>[39m
                  [36m<input[39m
                    [33mclass[39m=[32m"w-full bg-transparent border-none py-3 pl-8 text-on-surface 
placeholder:text-outline/40 focus:outline-none focus:ring-0 transition-all font-body text-sm"[39m
                    [33mplaceholder[39m=[32m"ΓÇóΓÇóΓÇóΓÇóΓÇóΓÇóΓÇóΓÇó"[39m
                    [33mrequired[39m=[32m""[39m
                    [33mtype[39m=[32m"password"[39m
                    [33mvalue[39m=[32m"password123"[39m
                  [36m/>[39m
                [36m</div>[39m
              [36m</div>[39m
              [36m<div[39m
                [33mclass[39m=[32m"flex items-center justify-between pt-2"[39m
              [36m>[39m
                [36m<label[39m
                  [33mclass[39m=[32m"flex items-center gap-2 cursor-pointer group"[39m
                [36m>[39m
                  [36m<div[39m
                    [33mclass[39m=[32m"w-4 h-4 rounded-sm border border-outline-variant 
group-hover:border-primary-fixed-dim transition-colors flex items-center justify-center"[39m
                  [36m>[39m
                    [36m<div[39m
                      [33mclass[39m=[32m"w-2 h-2 bg-primary-container rounded-sm opacity-0 
group-has-[:checked]:opacity-100 transition-opacity"[39m
                    [36m/>[39m
                  [36m</div>[39m
                  [36m<input[39m
                    [33mclass[39m=[32m"hidden"[39m
                    [33mtype[39m=[32m"checkbox"[39m
                  [36m/>[39m
                  [36m<span[39m
                    [33mclass[39m=[32m"text-[11px] text-on-surface-variant group-hover:text-on-surface 
transition-colors"[39m
                  [36m>[39m
                    [0mRemember Node[0m
                  [36m</span>[39m
                [36m</label>[39m
                [36m<a[39m
                  [33mclass[39m=[32m"text-[11px] text-primary-fixed-dim hover:text-primary transition-colors 
font-medium"[39m
                  [33mhref[39m=[32m"#"[39m
                [36m>[39m
                  [0mReset Protocol?[0m
                [36m</a>[39m
              [36m</div>[39m
              [36m<button[39m
                [33mclass[39m=[32m"intelligence-gradient w-full py-4 rounded-2xl font-headline font-bold 
tracking-tight text-slate-950 flex items-center justify-center gap-3 shadow-lg hover:scale-[1.02] active:scale-[0.98] 
transition-all group disabled:opacity-50 disabled:cursor-not-allowed"[39m
                [33mdisabled[39m=[32m""[39m
                [33mtype[39m=[32m"submit"[39m
              [36m>[39m
                [36m<span>[39m
                  [0mConnect GitHub[0m
                [36m</span>[39m
                [36m<svg[39m
                  [33maria-hidden[39m=[32m"true"[39m
                  [33mclass[39m=[32m"lucide lucide-arrow-right w-5 h-5 transition-transform 
group-hover:translate-x-1"[39m
                  [33mfill[39m=[32m"none"[39m
                  [33mheight[39m=[32m"24"[39m
                  [33mstroke[39m=[32m"currentColor"[39m
                  [33mstroke-linecap[39m=[32m"round"[39m
                  [33mstroke-linejoin[39m=[32m"round"[39m
                  [33mstroke-width[39m=[32m"2"[39m
                  [33mviewBox[39m=[32m"0 0 24 24"[39m
                  [33mwidth[39m=[32m"24"[39m
                  [33mxmlns[39m=[32m"http://www.w3.org/2000/svg"[39m
                [36m>[39m
                  [36m<path[39m
                    [33md[39m=[32m"M5 12h14"[39m
                  [36m/>[39m
                  [36m<path[39m
                    [33md[39m=[32m"m12 5 7 7-7 7"[39m
                  [36m/>[39m
                [36m</svg>[39m
              [36m</button>[39m
            [36m</form>[39m
          [36m</div>[39m
        [36m</div>[39m
      [36m</main>[39m
      [36m<div[39m
        [33mclass[39m=[32m"absolute bottom-8 left-1/2 -translate-x-1/2 flex justify-center items-center gap-8 
opacity-40"[39m
      [36m>[39m
        [36m<div[39m
          [33mclass[39m=[32m"flex items-center gap-2"[39m
        [36m>[39m
          [36m<div[39m
            [33mclass[39m=[32m"w-1.5 h-1.5 rounded-full bg-emerald-500 animate-pulse"[39m
          [36m/>[39m
          [36m<span[39m
            [33mclass[39m=[32m"text-[10px] uppercase tracking-widest font-bold"[39m
          [36m>[39m
            [0mAPI Operational[0m
          [36m</span>[39m
        [36m</div>[39m
        [36m<div[39m
          [33mclass[39m=[32m"flex items-center gap-2"[39m
        [36m>[39m
          [36m<span[39m
            [33mclass[39m=[32m"text-[10px] uppercase tracking-widest font-bold"[39m
          [36m>[39m
            [0mNode: V_0.82[0m
          [36m</span>[39m
        [36m</div>[39m
      [36m</div>[39m
    [36m</div>[39m
  [36m</div>[39m
[36m</body>[39m
[90m [2mΓ¥»[22m Object.getElementError node_modules/@testing-library/dom/dist/config.js:[2m37:19[22m[39m
[90m [2mΓ¥»[22m node_modules/@testing-library/dom/dist/query-helpers.js:[2m76:38[22m[39m
[90m [2mΓ¥»[22m node_modules/@testing-library/dom/dist/query-helpers.js:[2m52:17[22m[39m
[90m [2mΓ¥»[22m node_modules/@testing-library/dom/dist/query-helpers.js:[2m95:19[22m[39m
[36m [2mΓ¥»[22m src/Login.test.tsx:[2m45:19[22m[39m
    [90m 43|[39m     fireEvent.click(screen.getByRole('button', { name: /Connect GitHubΓÇª
    [90m 44|[39m
    [90m 45|[39m     expect(screen.getByText(/Connecting recruiter to the GitHub matrixΓÇª
    [90m   |[39m                   [31m^[39m
    [90m 46|[39m   })[33m;[39m
    [90m 47|[39m

[31m[2mΓÄ»ΓÄ»ΓÄ»ΓÄ»ΓÄ»ΓÄ»ΓÄ»ΓÄ»ΓÄ»ΓÄ»ΓÄ»ΓÄ»ΓÄ»ΓÄ»ΓÄ»ΓÄ»ΓÄ»ΓÄ»ΓÄ»ΓÄ»ΓÄ»ΓÄ»ΓÄ»ΓÄ»[1/2]ΓÄ»[22m[39m

[41m[1m FAIL [22m[49m src/Login.test.tsx[2m > [22mLogin Component[2m > [22mhashes the password using SHA-256 
on submission
[31m[1mAssertionError[22m[39m: expected "log" to be called with arguments: [ StringContaining{ΓÇª} ][90m

Number of calls: [1m0[22m
[39m

Ignored nodes: comments, script, style
[36m<html>[39m
  [36m<head />[39m
  [36m<body>[39m
    [36m<div>[39m
      [36m<div[39m
        [33mclass[39m=[32m"relative h-screen w-full flex items-center justify-center overflow-hidden 
bg-background"[39m
      [36m>[39m
        [36m<div[39m
          [33mdata-testid[39m=[32m"background"[39m
        [36m/>[39m
        [36m<div[39m
          [33mclass[39m=[32m"absolute top-1/2 left-1/2 -translate-x-1/2 -translate-y-1/2 opacity-[0.03] 
blur-[100px] pointer-events-none scale-[3]"[39m
        [36m>[39m
          [36m<div[39m
            [33mdata-testid[39m=[32m"mascot"[39m
          [36m/>[39m
        [36m</div>[39m
        [36m<main[39m
          [33mclass[39m=[32m"relative z-10 w-full max-w-5xl px-6 flex flex-col lg:flex-row items-center 
justify-center gap-12 lg:gap-24"[39m
        [36m>[39m
          [36m<div[39m
            [33mclass[39m=[32m"relative order-2 lg:order-1"[39m
          [36m>[39m
            [36m<div[39m
              [33mstyle[39m=[32m"transform: translateY(-3.3429605069977697px);"[39m
            [36m>[39m
              [36m<div[39m
                [33mdata-testid[39m=[32m"mascot"[39m
              [36m/>[39m
            [36m</div>[39m
            [36m<div[39m
              [33mclass[39m=[32m"absolute -bottom-4 left-1/2 -translate-x-1/2 w-32 h-4 bg-black/20 blur-xl 
rounded-full"[39m
            [36m/>[39m
          [36m</div>[39m
          [36m<div[39m
            [33mclass[39m=[32m"w-full max-w-md order-1 lg:order-2"[39m
          [36m>[39m
            [36m<div[39m
              [33mclass[39m=[32m"text-center lg:text-left mb-8"[39m
            [36m>[39m
              [36m<h1[39m
                [33mclass[39m=[32m"font-headline text-4xl lg:text-5xl font-bold tracking-tight bg-gradient-to-r 
from-primary-container to-secondary-container bg-clip-text text-transparent"[39m
              [36m>[39m
                [0mGitScore AI[0m
              [36m</h1>[39m
            [36m</div>[39m
            [36m<div[39m
              [33mclass[39m=[32m"glass-panel w-full rounded-[2.5rem] p-8 shadow-2xl relative overflow-hidden border 
border-white/10 cyan-glow-shadow"[39m
              [33mstyle[39m=[32m"perspective: 1000px; opacity: 1; transform: none;"[39m
            [36m>[39m
              [36m<div[39m
                [33mclass[39m=[32m"flex p-1 bg-surface-container-low rounded-full mb-8 border 
border-outline-variant/10"[39m
              [36m>[39m
                [36m<button[39m
                  [33mclass[39m=[32m"flex-1 py-2 px-4 rounded-full text-[10px] font-bold tracking-wider uppercase 
transition-all duration-300 bg-surface-container-high text-primary-fixed-dim shadow-sm"[39m
                  [33mtype[39m=[32m"button"[39m
                [36m>[39m
                  [0mDeveloper[0m
                [36m</button>[39m
                [36m<button[39m
                  [33mclass[39m=[32m"flex-1 py-2 px-4 rounded-full text-[10px] font-bold tracking-wider uppercase 
transition-all duration-300 text-on-surface-variant hover:text-on-surface"[39m
                  [33mtype[39m=[32m"button"[39m
                [36m>[39m
                  [0mRecruiter[0m
                [36m</button>[39m
              [36m</div>[39m
              [36m<form[39m
                [33mclass[39m=[32m"space-y-6"[39m
              [36m>[39m
                [36m<div[39m
                  [33mclass[39m=[32m"group relative"[39m
                [36m>[39m
                  [36m<label[39m
                    [33mclass[39m=[32m"block text-[10px] font-bold uppercase tracking-widest 
text-on-surface-variant mb-1 ml-1"[39m
                  [36m>[39m
                    [0mIdentity[0m
                  [36m</label>[39m
                  [36m<div[39m
                    [33mclass[39m=[32m"relative transition-all duration-300 rounded-xl px-4 py-1 border 
border-outline-variant/20 bg-transparent"[39m
                  [36m>[39m
                    [36m<svg[39m
                      [33maria-hidden[39m=[32m"true"[39m
                      [33mclass[39m=[32m"lucide lucide-mail absolute left-3 top-1/2 -translate-y-1/2 w-4 h-4 
transition-colors text-outline-variant"[39m
                      [33mfill[39m=[32m"none"[39m
                      [33mheight[39m=[32m"24"[39m
                      [33mstroke[39m=[32m"currentColor"[39m
                      [33mstroke-linecap[39m=[32m"round"[39m
                      [33mstroke-linejoin[39m=[32m"round"[39m
                      [33mstroke-width[39m=[32m"2"[39m
                      [33mviewBox[39m=[32m"0 0 24 24"[39m
                      [33mwidth[39m=[32m"24"[39m
                      [33mxmlns[39m=[32m"http://www.w3.org/2000/svg"[39m
                    [36m>[39m
                      [36m<path[39m
                        [33md[39m=[32m"m22 7-8.991 5.727a2 2 0 0 1-2.009 0L2 7"[39m
                      [36m/>[39m
                      [36m<rect[39m
                        [33mheight[39m=[32m"16"[39m
                        [33mrx[39m=[32m"2"[39m
                        [33mwidth[39m=[32m"20"[39m
                        [33mx[39m=[32m"2"[39m
                        [33my[39m=[32m"4"[39m
                      [36m/>[39m
                    [36m</svg>[39m
                    [36m<input[39m
                      [33mclass[39m=[32m"w-full bg-transparent border-none py-3 pl-8 text-on-surface 
placeholder:text-outline/40 focus:outline-none focus:ring-0 transition-all font-body text-sm"[39m
                      [33mplaceholder[39m=[32m"GitHub Username"[39m
                      [33mrequired[39m=[32m""[39m
                      [33mtype[39m=[32m"text"[39m
                      [33mvalue[39m=[32m"testuser"[39m
                    [36m/>[39m
                  [36m</div>[39m
                [36m</div>[39m
                [36m<div[39m
                  [33mclass[39m=[32m"group relative"[39m
                [36m>[39m
                  [36m<label[39m
                    [33mclass[39m=[32m"block text-[10px] font-bold uppercase tracking-widest 
text-on-surface-variant mb-1 ml-1"[39m
                  [36m>[39m
                    [0mAccess Key[0m
                  [36m</label>[39m
                  [36m<div[39m
                    [33mclass[39m=[32m"relative transition-all duration-300 rounded-xl px-4 py-1 border 
border-primary-container bg-primary-container/5 shadow-[0_0_15px_rgba(0,240,255,0.1)]"[39m
                  [36m>[39m
                    [36m<svg[39m
                      [33maria-hidden[39m=[32m"true"[39m
                      [33mclass[39m=[32m"lucide lucide-lock absolute left-3 top-1/2 -translate-y-1/2 w-4 h-4 
transition-colors text-primary-container"[39m
                      [33mfill[39m=[32m"none"[39m
                      [33mheight[39m=[32m"24"[39m
                      [33mstroke[39m=[32m"currentColor"[39m
                      [33mstroke-linecap[39m=[32m"round"[39m
                      [33mstroke-linejoin[39m=[32m"round"[39m
                      [33mstroke-width[39m=[32m"2"[39m
                      [33mviewBox[39m=[32m"0 0 24 24"[39m
                      [33mwidth[39m=[32m"24"[39m
                      [33mxmlns[39m=[32m"http://www.w3.org/2000/svg"[39m
                    [36m>[39m
                      [36m<rect[39m
                        [33mheight[39m=[32m"11"[39m
                        [33mrx[39m=[32m"2"[39m
                        [33mry[39m=[32m"2"[39m
                        [33mwidth[39m=[32m"18"[39m
                        [33mx[39m=[32m"3"[39m
                        [33my[39m=[32m"11"[39m
                      [36m/>[39m
                      [36m<path[39m
                        [33md[39m=[32m"M7 11V7a5 5 0 0 1 10 0v4"[39m
                      [36m/>[39m
                    [36m</svg>[39m
                    [36m<input[39m
                      [33mclass[39m=[32m"w-full bg-transparent border-none py-3 pl-8 text-on-surface 
placeholder:text-outline/40 focus:outline-none focus:ring-0 transition-all font-body text-sm"[39m
                      [33mplaceholder[39m=[32m"ΓÇóΓÇóΓÇóΓÇóΓÇóΓÇóΓÇóΓÇó"[39m
                      [33mrequired[39m=[32m""[39m
                      [33mtype[39m=[32m"password"[39m
                      [33mvalue[39m=[32m"password123"[39m
                    [36m/>[39m
                  [36m</div>[39m
                [36m</div>[39m
                [36m<div[39m
                  [33mclass[39m=[32m"flex items-center justify-between pt-2"[39m
                [36m>[39m
                  [36m<label[39m
                    [33mclass[39m=[32m"flex items-center gap-2 cursor-pointer group"[39m
                  [36m>[39m
                    [36m<div[39m
                      [33mclass[39m=[32m"w-4 h-4 rounded-sm border border-outline-variant 
group-hover:border-primary-fixed-dim transition-colors flex items-center justify-center"[39m
                    [36m>[39m
                      [36m<div[39m
                        [33mclass[39m=[32m"w-2 h-2 bg-primary-container rounded-sm opacity-0 
group-has-[:checked]:opacity-100 transition-opacity"[39m
                      [36m/>[39m
                    [36m</div>[39m
                    [36m<input[39m
                      [33mclass[39m=[32m"hidden"[39m
                      [33mtype[39m=[32m"checkbox"[39m
                    [36m/>[39m
                    [36m<span[39m
                      [33mclass[39m=[32m"text-[11px] text-on-surface-variant group-hover:text-on-surface 
transition-colors"[39m
                    [36m>[39m
                      [0mRemember Node[0m
                    [36m</span>[39m
                  [36m</label>[39m
                  [36m<a[39m
                    [33mclass[39m=[32m"text-[11px] text-primary-fixed-dim hover:text-primary transition-colors 
font-medium"[39m
                    [33mhref[39m=[32m"#"[39m
                  [36m>[39m
                    [0mReset Protocol?[0m
                  [36m</a>[39m
                [36m</div>[39m
                [36m<button[39m
                  [33mclass[39m=[32m"intelligence-gradient w-full py-4 rounded-2xl font-headline font-bold 
tracking-tight text-slate-950 flex items-center justify-center gap-3 shadow-lg hover:scale-[1.02] active:scale-[0.98] 
transition-all group disabled:opacity-50 disabled:cursor-not-allowed"[39m
                  [33mtype[39m=[32m"submit"[39m
                [36m>[39m
                  [36m<span>[39m
                    [0mConnect GitHub[0m
                  [36m</span>[39m

[2m Test Files [22m [1m[31m1 failed[39m[22m[90m (1)[39m
[2m      Tests [22m [1m[31m2 failed[39m[22m[2m | [22m[1m[32m1 passed[39m[22m[90m (3)[39m
[2m   Start at [22m 14:17:53
[2m   Duration [22m 5.88s[2m (transform 252ms, setup 310ms, import 1.20s, tests 1.67s, environment 2.27s)[22m

                  [36m<svg[39m
                    [33maria-hidden[39m=[32m"true"[39m
                    [33mclass[39m=[32m"lucide lucide-arrow-right w-5 h-5 transition-transform 
group-hover:translate-x-1"[39m
                    [33mfill[39m=[32m"none"[39m
                    [33mheight[39m=[32m"24"[39m
                    [33mstroke[39m=[32m"currentColor"[39m
                    [33mstroke-linecap[39m=[32m"round"[39m
                    [33mstroke-linejoin[39m=[32m"round"[39m
                    [33mstroke-width[39m=[32m"2"[39m
                    [33mviewBox[39m=[32m"0 0 24 24"[39m
                    [33mwidth[39m=[32m"24"[39m
                    [33mxmlns[39m=[32m"http://www.w3.org/2000/svg"[39m
                  [36m>[39m
                    [36m<path[39m
                      [33md[39m=[32m"M5 12h14"[39m
                    [36m/>[39m
                    [36m<path[39m
                      [33md[39m=[32m"m12 5 7 7-7 7"[39m
                    [36m/>[39m
                  [36m</svg>[39m
                [36m</button>[39m
              [36m</form>[39m
            [36m</div>[39m
          [36m</div>[39m
        [36m</main>[39m
        [36m<div[39m
          [33mclass[39m=[32m"absolute bottom-8 left-1/2 -translate-x-1/2 flex justify-center items-center gap-8 
opacity-40"[39m
        [36m>[39m
          [36m<div[39m
            [33mclass[39m=[32m"flex items-center gap-2"[39m
          [36m>[39m
            [36m<div[39m
              [33mclass[39m=[32m"w-1.5 h-1.5 rounded-full bg-emerald-500 animate-pulse"[39m
            [36m/>[39m
            [36m<span[39m
              [33mclass[39m=[32m"text-[10px] uppercase tracking-widest font-bold"[39m
            [36m>[39m
              [0mAPI Operational[0m
            [36m</span>[39m
          [36m</div>[39m
          [36m<div[39m
            [33mclass[39m=[32m"flex items-center gap-2"[39m
          [36m>[39m
            [36m<span[39m
              [33mclass[39m=[32m"text-[10px] uppercase tracking-widest font-bold"[39m
            [36m>[39m
              [0mNode: V_0.82[0m
            [36m</span>[39m
          [36m</div>[39m
        [36m</div>[39m
      [36m</div>[39m
    [36m</div>[39m
  [36m</body>[39m
[36m</html>[39m
[36m [2mΓ¥»[22m src/Login.test.tsx:[2m60:26[22m[39m
    [90m 58|[39m     [35mawait[39m [34mwaitFor[39m(() [33m=>[39m {
    [90m 59|[39m       // The SHA-256 hash of 'password123' is ef92b778bafe771e89245b89ΓÇª
    [90m 60|[39m       [34mexpect[39m(consoleSpy)[33m.[39m[34mtoHaveBeenCalledWith[39m(
    [90m   |[39m                          [31m^[39m
    [90m 61|[39m         expect.stringContaining('Authenticating with SHA-256 hash: ef9ΓÇª
    [90m 62|[39m       )[33m;[39m
[90m [2mΓ¥»[22m runWithExpensiveErrorDiagnosticsDisabled 
node_modules/@testing-library/dom/dist/config.js:[2m47:12[22m[39m
[90m [2mΓ¥»[22m checkCallback node_modules/@testing-library/dom/dist/wait-for.js:[2m124:77[22m[39m
[90m [2mΓ¥»[22m MutationObserver.checkRealTimersCallback 
node_modules/@testing-library/dom/dist/wait-for.js:[2m118:16[22m[39m
[90m [2mΓ¥»[22m MutationObserver.invokeTheCallbackFunction 
node_modules/jsdom/lib/generated/idl/MutationCallback.js:[2m19:26[22m[39m
[90m [2mΓ¥»[22m notifyMutationObservers 
node_modules/jsdom/lib/jsdom/living/helpers/mutation-observers.js:[2m160:22[22m[39m
[90m [2mΓ¥»[22m node_modules/jsdom/lib/jsdom/living/helpers/mutation-observers.js:[2m133:5[22m[39m

[31m[2mΓÄ»ΓÄ»ΓÄ»ΓÄ»ΓÄ»ΓÄ»ΓÄ»ΓÄ»ΓÄ»ΓÄ»ΓÄ»ΓÄ»ΓÄ»ΓÄ»ΓÄ»ΓÄ»ΓÄ»ΓÄ»ΓÄ»ΓÄ»ΓÄ»ΓÄ»ΓÄ»ΓÄ»[2/2]ΓÄ»[22m[39m

